// Jest Snapshot v1, https://goo.gl/fbAQLP

exports[`renders correctly WeatherDisplayForecast component 1`] = `
<div
  className="container"
>
  <div
    className="col-md-4 col-xs-12"
  >
    <div
      className="row"
    >
      <h3
        className="title"
      >
        Mon
      </h3>
    </div>
    <div
      className="row"
    >
      <div
        className="wi wi-icon-800"
        style={
          Object {
            "fontSize": "4rem",
            "margin": "15px 0",
          }
        }
      />
    </div>
    <div
      className="row"
      style={
        Object {
          "fontSize": "1.4rem",
        }
      }
    >
      16
      °
    </div>
    <div
      className="row"
      style={
        Object {
          "fontSize": "1.4rem",
        }
      }
    >
      12
      °
    </div>
  </div>
  <div
    className="col-md-4 col-xs-12"
  >
    <div
      className="row"
    >
      <h3
        className="title"
      >
        Thus
      </h3>
    </div>
    <div
      className="row"
    >
      <div
        className="wi wi-icon-800"
        style={
          Object {
            "fontSize": "4rem",
            "margin": "15px 0",
          }
        }
      />
    </div>
    <div
      className="row"
      style={
        Object {
          "fontSize": "1.4rem",
        }
      }
    >
      13
      °
    </div>
    <div
      className="row"
      style={
        Object {
          "fontSize": "1.4rem",
        }
      }
    >
      9
      °
    </div>
  </div>
  <div
    className="col-md-4 col-xs-12"
  >
    <div
      className="row"
    >
      <h3
        className="title"
      >
        Wen
      </h3>
    </div>
    <div
      className="row"
    >
      <div
        className="wi wi-icon-800"
        style={
          Object {
            "fontSize": "4rem",
            "margin": "15px 0",
          }
        }
      />
    </div>
    <div
      className="row"
      style={
        Object {
          "fontSize": "1.4rem",
        }
      }
    >
      14
      °
    </div>
    <div
      className="row"
      style={
        Object {
          "fontSize": "1.4rem",
        }
      }
    >
      13
      °
    </div>
  </div>
</div>
`;
